ROOT
    S
        NP
            NNP
                Mary
        VP
            VBD
                thought
            SBAR
                S
                    NP
                        PRP
                            she
                    VP
                        VBD
                            gave
                        NP
                            DT
                                the
                            NNS
                                books
                        PP
                            TO
                                to
                            NP
                                NNP
                                    Bill
        .
            .
Proposed antecedents for
PRP
    she
Are as follows: 
NP
    NNP
        Mary
--------------------
ROOT
    S
        NP
            NNP
                John
        VP
            VBD
                introduced
            NP
                PRP
                    him
            PP
                TO
                    to
                NP
                    NNP
                        Bill
        .
            .
Proposed antecedents for
PRP
    him
Are as follows: 
--------------------
ROOT
    S
        NP
            NNP
                Mary
        VP
            VBD
                expected
            S
                NP
                    PRP
                        me
                VP
                    TO
                        to
                    VP
                        VB
                            introduce
                        NP
                            PRP
                                her
                        PP
                            TO
                                to
                            NP
                                NNP
                                    Bill
        .
            .
Proposed antecedents for
PRP
    me
Are as follows: 
NP
    NNP
        Mary
Proposed antecedents for
PRP
    her
Are as follows: 
NP
    NNP
        Mary
NP
    PRP
        me
--------------------
ROOT
    S
        NP
            NNP
                Mary
        VP
            VBD
                expected
            S
                NP
                    PRP
                        me
                VP
                    TO
                        to
                    VP
                        VB
                            introduce
                        NP
                            PRP
                                her
                        PP
                            TO
                                to
                            NP
                                NNP
                                    Bill
        .
            .
Proposed antecedents for
PRP
    me
Are as follows: 
NP
    NNP
        Mary
Proposed antecedents for
PRP
    her
Are as follows: 
NP
    NNP
        Mary
NP
    PRP
        me
--------------------
ROOT
    S
        NP
            NN
                Everyone
        VP
            VBD
                introduced
            NP
                NNP
                    John
            PP
                TO
                    to
                NP
                    PRP
                        him
        .
            .
--------------------
ROOT
    S
        NP
            NNP
                Mary
        VP
            VBD
                expected
            S
                NP
                    PRP
                        me
                VP
                    TO
                        to
                    VP
                        VB
                            point
                        NP
                            DT
                                the
                            NN
                                gun
                        PP
                            IN
                                at
                            NP
                                PRP
                                    her
        .
            .
Proposed antecedents for
PRP
    me
Are as follows: 
NP
    NNP
        Mary
--------------------
ROOT
    S
        NP
            NNP
                John
        VP
            MD
                would
            VP
                VB
                    prefer
                SBAR
                    IN
                        for
                    S
                        NP
                            PRP
                                him
                        VP
                            TO
                                to
                            VP
                                VB
                                    win
        .
            .
Proposed antecedents for
PRP
    him
Are as follows: 
NP
    NNP
        John
--------------------
ROOT
    S
        NP
            NNP
                Mary
        VP
            VBD
                expected
            S
                NP
                    NNP
                        Bill
                VP
                    TO
                        to
                    VP
                        VB
                            prefer
                        SBAR
                            IN
                                for
                            S
                                NP
                                    PRP
                                        her
                                VP
                                    TO
                                        to
                                    VP
                                        VB
                                            win
        .
            .
Proposed antecedents for
PRP
    her
Are as follows: 
NP
    NNP
        Bill
NP
    NNP
        Mary
NP
    NNP
        Bill
--------------------
ROOT
    S
        NP
            NNP
                John
        VP
            VBD
                believed
            S
                NP
                    PRP
                        him
                VP
                    TO
                        to
                    VP
                        VB
                            be
                        ADJP
                            JJ
                                incompetent
        .
            .
Proposed antecedents for
PRP
    him
Are as follows: 
NP
    NNP
        John
--------------------
ROOT
    S
        NP
            NN
                Everyone
        VP
            VBD
                believed
            S
                NP
                    PRP
                        him
                VP
                    TO
                        to
                    VP
                        VB
                            be
                        ADJP
                            JJ
                                incompetent
        .
            .
Proposed antecedents for
PRP
    him
Are as follows: 
NP
    NN
        Everyone
--------------------
ROOT
    S
        NP
            NNP
                Mary
        VP
            VBD
                expected
            S
                NP
                    NNP
                        Bill
                VP
                    TO
                        to
                    VP
                        VB
                            believe
                        S
                            NP
                                PRP
                                    her
                            VP
                                TO
                                    to
                                VP
                                    VB
                                        be
                                    ADJP
                                        JJ
                                            incompetent
        .
            .
Proposed antecedents for
PRP
    her
Are as follows: 
NP
    NNP
        Bill
NP
    NNP
        Mary
NP
    NNP
        Bill
--------------------
ROOT
    S
        NP
            NNP
                Mary
        VP
            VBD
                heard
            NP
                NP
                    NNP
                        Bill
                    POS
                        's
                NNS
                    stories
            PP
                IN
                    about
                NP
                    PRP
                        her
        .
            .
--------------------
ROOT
    S
        NP
            NNP
                John
        VP
            VBD
                heard
            NP
                DT
                    some
                NNS
                    stories
            PP
                IN
                    about
                NP
                    PRP
                        him
        .
            .
--------------------
ROOT
    S
        NP
            NNP
                John
        VP
            VBD
                saw
            NP
                PRP
                    him
        .
            .
Proposed antecedents for
PRP
    him
Are as follows: 
--------------------
ROOT
    S
        NP
            NNP
                John
        VP
            VBD
                told
            NP
                NP
                    NNP
                        Bill
                PP
                    IN
                        about
                    NP
                        PRP
                            him
        .
            .
Proposed antecedents for
PRP
    him
Are as follows: 
NP
    NNP
        John
NP
    NNP
        Bill
--------------------
ROOT
    S
        NP
            NNP
                John
        VP
            VBD
                expected
            S
                NP
                    PRP
                        him
                VP
                    TO
                        to
                    VP
                        VB
                            win
        .
            .
Proposed antecedents for
PRP
    him
Are as follows: 
NP
    NNP
        John
--------------------
ROOT
    S
        NP
            NNP
                John
        VP
            MD
                would
            VP
                VB
                    prefer
                SBAR
                    IN
                        for
                    S
                        NP
                            PRP
                                him
                        VP
                            TO
                                to
                            VP
                                VB
                                    win
        .
            .
Proposed antecedents for
PRP
    him
Are as follows: 
NP
    NNP
        John
--------------------
ROOT
    S
        NP
            NNP
                John
        VP
            MD
                would
            VP
                VB
                    hate
                NP
                    PRP
                        it
                PP
                    IN
                        for
                    NP
                        PRP
                            him
                S
                    VP
                        TO
                            to
                        VP
                            VB
                                win
        .
            .
Proposed antecedents for
PRP
    it
Are as follows: 
--------------------
ROOT
    S
        NP
            NNP
                John
        VP
            VBZ
                is
            ADJP
                RB
                    too
                JJ
                    clever
                PP
                    IN
                        for
                    NP
                        PRP
                            him
            S
                VP
                    TO
                        to
                    VP
                        VB
                            expect
                        S
                            NP
                                PRP
                                    us
                            VP
                                TO
                                    to
                                VP
                                    VB
                                        catch
                                    NP
                                        PRP
                                            him
        .
            .
--------------------
ROOT
    S
        NP
            NNP
                John
        VP
            VBD
                expected
            S
                NP
                    NNP
                        Mary
                VP
                    TO
                        to
                    VP
                        VB
                            catch
                        NP
                            PRP
                                him
        .
            .
Proposed antecedents for
PRP
    him
Are as follows: 
NP
    NNP
        John
NP
    NNP
        Mary
--------------------
ROOT
    S
        NP
            NNP
                John
        VP
            VBD
                expected
            SBAR
                IN
                    that
                S
                    NP
                        PRP
                            he
                    VP
                        MD
                            would
                        VP
                            VB
                                catch
                            NP
                                NNP
                                    Mary
        .
            .
Proposed antecedents for
PRP
    he
Are as follows: 
NP
    NNP
        John
--------------------
ROOT
    S
        NP
            NNP
                John
        VP
            VBZ
                is
            ADJP
                RB
                    too
                JJ
                    clever
            S
                VP
                    TO
                        to
                    VP
                        VB
                            expect
                        S
                            NP
                                PRP
                                    us
                            VP
                                TO
                                    to
                                VP
                                    VB
                                        catch
                                    NP
                                        NNP
                                            Bill
        .
            .
--------------------
ROOT
    S
        NP
            PRP
                He
        VP
            VBD
                said
            SBAR
                IN
                    that
                S
                    NP
                        NNP
                            John
                    VP
                        MD
                            would
                        VP
                            VB
                                win
        .
            .
Proposed antecedents for
PRP
    He
Are as follows: 
--------------------
ROOT
    S
        NP
            PRP
                He
        VP
            VBD
                said
            SBAR
                S
                    NP
                        NNP
                            Mary
                    VP
                        VBD
                            had
                        VP
                            VBN
                                kissed
                            NP
                                NN
                                    everyone
        .
            .
Proposed antecedents for
PRP
    He
Are as follows: 
--------------------
ROOT
    S
        NP
            PRP
                He
        VP
            VBD
                said
            SBAR
                S
                    NP
                        NN
                            everyone
                    VP
                        VBD
                            had
                        VP
                            VBN
                                kissed
                            NP
                                NNP
                                    Mary
        .
            .
Proposed antecedents for
PRP
    He
Are as follows: 
--------------------
ROOT
    S
        NP
            NN
                Everyone
        VP
            VBD
                said
            SBAR
                S
                    NP
                        NNP
                            Mary
                    VP
                        VBD
                            had
                        VP
                            VBN
                                kissed
                            NP
                                PRP
                                    him
        .
            .
Proposed antecedents for
PRP
    him
Are as follows: 
NP
    NN
        Everyone
NP
    NNP
        Mary
--------------------
ROOT
    S
        NP
            NN
                Everyone
        VP
            VBD
                said
            SBAR
                S
                    NP
                        PRP
                            he
                    VP
                        VBD
                            had
                        VP
                            VBN
                                kissed
                            NP
                                NNP
                                    Mary
        .
            .
Proposed antecedents for
PRP
    he
Are as follows: 
NP
    NN
        Everyone
--------------------
ROOT
    SBARQ
        WHNP
            WHNP
                WDT
                    Which
                NN
                    book
            SBAR
                WHNP
                    WDT
                        that
                S
                    NP
                        NNP
                            John
                    VP
                        VBD
                            read
        SQ
            VBD
                did
            NP
                PRP
                    he
            VP
                VB
                    like
        .
            .
Proposed antecedents for
PRP
    he
Are as follows: 
--------------------
ROOT
    S
        NP
            PRP
                He
        VP
            VBD
                liked
            NP
                NP
                    DT
                        every
                    NN
                        book
                SBAR
                    WHNP
                        WDT
                            that
                    S
                        NP
                            NNP
                                John
                        VP
                            VBD
                                read
        .
            .
Proposed antecedents for
PRP
    He
Are as follows: 
--------------------
ROOT
    S
        NP
            PRP
                I
        VP
            VBP
                do
            RB
                n't
            VP
                VB
                    remember
                SBAR
                    WHNP
                        WP
                            who
                    S
                        VP
                            VBZ
                                thinks
                            SBAR
                                IN
                                    that
                                S
                                    NP
                                        PRP
                                            he
                                    VP
                                        VBD
                                            read
                                        NP
                                            WDT
                                                which
                                            NN
                                                book
                                        SBAR
                                            IN
                                                that
                                            S
                                                NP
                                                    NNP
                                                        John
                                                VP
                                                    VBZ
                                                        likes
        .
            .
Proposed antecedents for
PRP
    I
Are as follows: 
--------------------
ROOT
    S
        NP
            PRP
                They
        VP
            VBD
                reagrd
            NP
                NNP
                    Bill
            PP
                IN
                    as
                NP
                    NP
                        RB
                            too
                        JJ
                            critical
                    PP
                        IN
                            of
                        NP
                            PRP
                                them
        .
            .
Proposed antecedents for
PRP
    They
Are as follows: 
--------------------
ROOT
    S
        NP
            NNP
                Bill
        VP
            VB
                regard
            NP
                PRP
                    them
            PP
                IN
                    as
                NP
                    NP
                        RB
                            too
                        JJ
                            critical
                    PP
                        IN
                            of
                        NP
                            PRP
                                themselves
        .
            .
Proposed antecedents for
PRP
    them
Are as follows: 
--------------------
ROOT
    S
        NP
            PRP
                I
        VP
            VBD
                impressed
            NP
                PRP
                    them
            PP
                IN
                    as
                NP
                    NP
                        RB
                            too
                        JJ
                            critical
                    PP
                        IN
                            of
                        NP
                            PRP
                                them
        .
            .
Proposed antecedents for
PRP
    I
Are as follows: 
Proposed antecedents for
PRP
    them
Are as follows: 
--------------------
ROOT
    S
        NP
            PRP
                They
        VP
            VBD
                impressed
            NP
                PRP
                    me
            PP
                IN
                    as
                NP
                    NP
                        RB
                            too
                        JJ
                            critical
                    PP
                        IN
                            of
                        NP
                            PRP
                                themselves
        .
            .
Proposed antecedents for
PRP
    They
Are as follows: 
Proposed antecedents for
PRP
    me
Are as follows: 
--------------------
ROOT
    S
        NP
            NNP
                John
        VP
            VBD
                asked
            S
                NP
                    NNP
                        Bill
                NP
                    PRP$
                        his
                    NNS
                        plans
        .
            .
--------------------
ROOT
    S
        NP
            NNP
                John
        VP
            VBD
                told
            S
                NP
                    NNP
                        Bill
                NP
                    PRP$
                        his
                    NNS
                        plans
        .
            .
--------------------
ROOT
    S
        NP
            NNP
                John
        VP
            VBD
                promised
            NP
                NNP
                    Bill
            NP
                PRP$
                    his
                NN
                    consent
        .
            .
--------------------
ROOT
    S
        NP
            NNP
                John
        VP
            VBD
                promised
            NP
                NNP
                    Bill
            NP
                NP
                    PRP$
                        his
                    NN
                        admission
                PP
                    TO
                        to
                    NP
                        DT
                            the
                        NN
                            university
        .
            .
--------------------
ROOT
    S
        NP
            NNP
                John
        VP
            VBD
                told
            NP
                NP
                    NNP
                        Bill
                    ADJP
                        RB
                            too
                        JJ
                            many
                    NNS
                        things
                PP
                    IN
                        for
                    NP
                        PRP
                            him
            S
                VP
                    TO
                        to
                    VP
                        VB
                            understand
        .
            .
Proposed antecedents for
PRP
    him
Are as follows: 
NP
    NNP
        John
NP
    NNP
        Bill
    ADJP
        RB
            too
        JJ
            many
    NNS
        things
--------------------
ROOT
    S
        NP
            NNP
                John
        VP
            VBD
                told
            NP
                NP
                    NNP
                        Bill
                    NNS
                        things
                SBAR
                    WHNP
                        WDT
                            that
                    S
                        VP
                            VBD
                                were
                            ADJP
                                RB
                                    too
                                JJ
                                    difficult
                            SBAR
                                IN
                                    for
                                S
                                    NP
                                        PRP
                                            him
                                    VP
                                        TO
                                            to
                                        VP
                                            VB
                                                understand
        .
            .
--------------------
ROOT
    S
        NP
            NNP
                John
        VP
            VBD
                heard
            NP
                RB
                    too
                JJ
                    many
                NNS
                    things
            PP
                IN
                    for
                NP
                    PRP
                        him
            S
                VP
                    TO
                        to
                    VP
                        VB
                            understand
        .
            .
--------------------
ROOT
    S
        NP
            NNP
                John
        VP
            VBD
                heard
            NP
                RB
                    too
                JJ
                    many
                NNS
                    things
            PP
                IN
                    for
                NP
                    PRP
                        him
            S
                VP
                    TO
                        to
                    VP
                        VB
                            understand
        .
            .
--------------------
ROOT
    S
        NP
            NNP
                John
        VP
            VBZ
                considers
            S
                NP
                    NNP
                        Bill
                ADJP
                    RB
                        too
                    JJ
                        stupid
                SBAR
                    IN
                        for
                    S
                        NP
                            PRP
                                him
                        VP
                            TO
                                to
                            VP
                                VB
                                    pass
                                NP
                                    NN
                                        algebra
        .
            .
--------------------
ROOT
    S
        NP
            NNP
                John
        VP
            VBD
                gave
            NP
                NNP
                    Bill
            NP
                NP
                    DT
                        a
                    NN
                        book
                PP
                    IN
                        for
                    NP
                        PRP
                            him
                S
                    VP
                        TO
                            to
                        VP
                            VB
                                read
        .
            .
--------------------
ROOT
    S
        NP
            NNP
                John
        VP
            VBD
                saw
            NP
                NP
                    PRP$
                        my
                    NN
                        picture
                PP
                    IN
                        of
                    NP
                        PRP
                            him
        .
            .
Proposed antecedents for
PRP
    him
Are as follows: 
NP
    NNP
        John
NP
    PRP$
        my
    NN
        picture
--------------------
ROOT
    S
        NP
            NNP
                John
        VP
            VBD
                saw
            NP
                NP
                    DT
                        a
                    NN
                        picture
                PP
                    IN
                        of
                    NP
                        PRP
                            him
        .
            .
Proposed antecedents for
PRP
    him
Are as follows: 
NP
    NNP
        John
NP
    DT
        a
    NN
        picture
--------------------
ROOT
    S
        NP
            NNP
                John
        VP
            VBD
                thought
            SBAR
                S
                    NP
                        PRP
                            I
                    VP
                        VBD
                            saw
                        NP
                            NP
                                DT
                                    a
                                NN
                                    picture
                            PP
                                IN
                                    of
                                NP
                                    PRP
                                        him
        .
            .
Proposed antecedents for
PRP
    I
Are as follows: 
NP
    NNP
        John
Proposed antecedents for
PRP
    him
Are as follows: 
NP
    PRP
        I
NP
    DT
        a
    NN
        picture
NP
    NNP
        John
NP
    PRP
        I
NP
    DT
        a
    NN
        picture
--------------------
ROOT
    S
        NP
            PRP
                He
        VP
            VBZ
                wants
            PP
                IN
                    for
                NP
                    NNP
                        John
            S
                VP
                    TO
                        to
                    VP
                        VB
                            win
        .
            .
Proposed antecedents for
PRP
    He
Are as follows: 
--------------------
ROOT
    S
        NP
            PRP
                He
        VP
            VBZ
                believes
            S
                NP
                    NNP
                        John
                VP
                    TO
                        to
                    VP
                        VB
                            be
                        ADJP
                            JJ
                                intelligent
        .
            .
Proposed antecedents for
PRP
    He
Are as follows: 
--------------------
ROOT
    S
        NP
            PRP
                He
        VP
            VBZ
                considers
            S
                NP
                    NNP
                        John
                ADJP
                    JJ
                        intelligent
        .
            .
Proposed antecedents for
PRP
    He
Are as follows: 
--------------------
ROOT
    S
        NP
            NNP
                John
        VP
            VBZ
                is
            NP
                PRP$
                    his
                JJS
                    worst
                NN
                    enemy
        .
            .
--------------------
ROOT
    S
        NP
            NNP
                John
        VP
            VBZ
                likes
            NP
                PRP
                    him
        .
            .
Proposed antecedents for
PRP
    him
Are as follows: 
--------------------
ROOT
    S
        NP
            NNP
                John
        VP
            VBZ
                likes
            NP
                PRP
                    himself
        .
            .
Proposed antecedents for
PRP
    himself
Are as follows: 
--------------------
ROOT
    S
        NP
            NNP
                John
        VP
            VBZ
                believes
            SBAR
                IN
                    that
                S
                    NP
                        NNP
                            Mary
                    VP
                        VBZ
                            likes
                        NP
                            PRP
                                him
        .
            .
Proposed antecedents for
PRP
    him
Are as follows: 
NP
    NNP
        John
NP
    NNP
        Mary
--------------------
ROOT
    S
        NP
            NP
                NNP
                    John
                POS
                    's
            NN
                mother
        VP
            VBZ
                likes
            NP
                PRP
                    him
        .
            .
Proposed antecedents for
PRP
    him
Are as follows: 
NP
    NNP
        John
    POS
        's
--------------------
ROOT
    S
        NP
            NP
                NP
                    NNP
                        John
                    POS
                        's
                NN
                    picture
            PP
                IN
                    of
                NP
                    PRP
                        himself
        VP
            VBZ
                is
            ADJP
                JJ
                    nice
        .
            .
Proposed antecedents for
PRP
    himself
Are as follows: 
NP
    NNP
        John
    POS
        's
NP
    NP
        NNP
            John
        POS
            's
    NN
        picture
NP
    NNP
        John
    POS
        's
--------------------
ROOT
    S
        NP
            PRP
                They
        VP
            VBP
                like
            NP
                DT
                    each
                JJ
                    other
        .
            .
Proposed antecedents for
PRP
    They
Are as follows: 
--------------------
ROOT
    S
        NP
            NP
                PRP$
                    Their
                NNS
                    pictures
            PP
                IN
                    of
                NP
                    DT
                        each
                    JJ
                        other
        VP
            VBP
                are
            ADJP
                JJ
                    nice
        .
            .
--------------------
ROOT
    S
        NP
            NNP
                John
        VP
            VBZ
                believes
            S
                NP
                    PRP
                        himself
                VP
                    TO
                        to
                    VP
                        VB
                            like
                        NP
                            NNP
                                Mary
        .
            .
Proposed antecedents for
PRP
    himself
Are as follows: 
NP
    NNP
        John
--------------------
ROOT
    S
        NP
            NNP
                John
        VP
            VBZ
                believes
            SBAR
                IN
                    that
                S
                    NP
                        PRP
                            he
                    VP
                        VBZ
                            likes
                        NP
                            NNP
                                Mary
        .
            .
Proposed antecedents for
PRP
    he
Are as follows: 
NP
    NNP
        John
--------------------
ROOT
    S
        NP
            NNP
                John
        VP
            VBZ
                believes
            S
                NP
                    NNP
                        Mary
                VP
                    TO
                        to
                    VP
                        VB
                            like
                        NP
                            PRP
                                him
        .
            .
Proposed antecedents for
PRP
    him
Are as follows: 
NP
    NNP
        John
NP
    NNP
        Mary
--------------------
ROOT
    S
        NP
            NNP
                John
        VP
            VBZ
                likes
            NP
                NP
                    NP
                        NNP
                            Mary
                        POS
                            's
                    NNS
                        pictures
                PP
                    IN
                        of
                    NP
                        PRP
                            himself
        .
            .
Proposed antecedents for
PRP
    himself
Are as follows: 
NP
    NNP
        Mary
    POS
        's
NP
    NNP
        John
NP
    NP
        NNP
            Mary
        POS
            's
    NNS
        pictures
NP
    NNP
        Mary
    POS
        's
--------------------
ROOT
    S
        NP
            NNP
                John
        VP
            VBZ
                likes
            NP
                NP
                    NNS
                        pictures
                PP
                    IN
                        of
                    NP
                        PRP
                            himself
        .
            .
Proposed antecedents for
PRP
    himself
Are as follows: 
NP
    NNP
        John
NP
    NNS
        pictures
--------------------
ROOT
    S
        NP
            NNP
                John
        VP
            VBD
                saw
            NP
                NP
                    NNS
                        pictures
                PP
                    IN
                        of
                    NP
                        PRP
                            himself
        .
            .
Proposed antecedents for
PRP
    himself
Are as follows: 
NP
    NNP
        John
NP
    NNS
        pictures
--------------------
ROOT
    S
        NP
            PRP
                They
        VP
            VBP
                read
            NP
                PRP$
                    their
                NNS
                    books
        .
            .
Proposed antecedents for
PRP
    They
Are as follows: 
--------------------
ROOT
    S
        NP
            PRP
                They
        VP
            VBP
                read
            NP
                NP
                    DT
                        each
                    JJ
                        other
                    POS
                        's
                NNS
                    books
        .
            .
Proposed antecedents for
PRP
    They
Are as follows: 
--------------------
ROOT
    S
        NP
            NNP
                John
        VP
            VBZ
                thinks
            SBAR
                S
                    NP
                        PRP
                            he
                    VP
                        VBZ
                            likes
                        NP
                            NNP
                                Mary
        .
            .
Proposed antecedents for
PRP
    he
Are as follows: 
NP
    NNP
        John
--------------------
ROOT
    S
        NP
            NNP
                John
        VP
            VBZ
                thinks
            SBAR
                S
                    NP
                        NNP
                            Mary
                    VP
                        VBZ
                            likes
                        NP
                            PRP
                                him
        .
            .
Proposed antecedents for
PRP
    him
Are as follows: 
NP
    NNP
        John
NP
    NNP
        Mary
--------------------
ROOT
    S
        NP
            NP
                NNP
                    John
                POS
                    's
            NN
                teacher
        VP
            MD
                ca
            RB
                n't
            VP
                VB
                    stand
                NP
                    NNP
                        John
        .
            .
--------------------
ROOT
    S
        NP
            NNP
                John
        VP
            VBZ
                believes
            S
                NP
                    PRP
                        himself
                VP
                    TO
                        to
                    VP
                        VB
                            be
                        ADJP
                            JJ
                                clever
        .
            .
Proposed antecedents for
PRP
    himself
Are as follows: 
NP
    NNP
        John
--------------------
ROOT
    S
        NP
            DT
                The
            NNS
                men
        VP
            VBP
                seem
            PP
                TO
                    to
                NP
                    DT
                        each
                    JJ
                        other
            S
                VP
                    TO
                        to
                    VP
                        VB
                            be
                        ADJP
                            JJ
                                clever
        .
            .
--------------------
